!qElemType = !quant.uniform<i4:f16, 1.000000e+00>
#HCW = affine_map<(d0, d1, d2) -> (d1, d0, d2)>
#loc5 = loc("C:\\Users\\mrbla\\oss\\repro266\\lit_candidate_shared_scale.mlir":11:36)
#loc6 = loc("C:\\Users\\mrbla\\oss\\repro266\\lit_candidate_shared_scale.mlir":11:75)
#loc7 = loc("C:\\Users\\mrbla\\oss\\repro266\\lit_candidate_shared_scale.mlir":12:36)
#loc8 = loc("C:\\Users\\mrbla\\oss\\repro266\\lit_candidate_shared_scale.mlir":12:66)
#loc9 = loc("C:\\Users\\mrbla\\oss\\repro266\\lit_candidate_shared_scale.mlir":12:92)
module attributes {config.compilationMode = #config.compilation_mode<DefaultHW>, config.elf_version = #config.version<1 : 2 : 2>, config.platform = #config.platform<NPU4000>, config.revisionID = #config.revision_id<REVISION_NONE>} {
  config.PipelineOptions @Options {
    config.Option @config.FragmentationAvoidRatioPipeliningLargeWeights : 4.500000e-01 : f32 loc(#loc1)
    config.Option @config.WorkloadManagementStatus : "ENABLED" loc(#loc1)
    config.Option @config.UseDedicatedFifoPerShaveEngine : false loc(#loc1)
    config.Option @config.BarrierMaxVariantSum : 64 : ui64 loc(#loc1)
    config.Option @config.BarrierMaxVariantCount : 128 : ui64 loc(#loc1)
    config.Option @config.DpuFIFOAddrs : [788529152, 788529184, 788529216, 788529248, 788529280, 788529312] loc(#loc1)
    config.Option @config.ShvFIFOAddrs : [788578304, 788578336, 788578368, 788578400, 788578432, 788578464, 788578496, 788578528, 788578560, 788578592, 788578624, 788578656] loc(#loc1)
    config.Option @config.BarrierFIFOAddr : 788594688 : ui64 loc(#loc1)
    config.Option @config.BarrierFIFODepth : 4 : ui64 loc(#loc1)
    config.Option @config.MetadataMaxVariantCount : 128 : ui64 loc(#loc1)
    config.Option @config.MetadataMaxInvariantCount : 64 : ui64 loc(#loc1)
    config.Option @config.MetadataMaxKernelInvocationCount : 64 : ui64 loc(#loc1)
    config.Option @config.MetadataMaxKernelRangeCount : 64 : ui64 loc(#loc1)
    config.Option @config.MetadataMaxDMACount : 80 : ui64 loc(#loc1)
    config.Option @config.MetadataMaxMediaCount : 4 : ui64 loc(#loc1)
    config.Option @config.MaxKernelSize : 11 : si64 loc(#loc1)
    config.Option @config.AutoPaddingODU : false loc(#loc1)
    config.Option @config.AutoPaddingIDU : false loc(#loc1)
    config.Option @config.AsymmetricPerTensorZP : false loc(#loc1)
    config.Option @config.AsymmetricPerChannelZP : false loc(#loc1)
    config.Option @config.ReduceSupported : false loc(#loc1)
    config.Option @config.FP16CompressedConv : false loc(#loc1)
    config.Option @config.EnableVPUNNPreSplit : false loc(#loc1)
    config.Option @config.EnableODULocalRegion : false loc(#loc1)
    config.Option @config.EnableSEPtrsOperations : false loc(#loc1)
    config.Option @config.EnableExperimentalSEPtrsOperations : false loc(#loc1)
    config.Option @config.EnableQDQOptimizationAggressive : false loc(#loc1)
    config.Option @config.EnableAdaptiveStripping : true loc(#loc1)
    config.Option @config.EnableExtraStaticShapeOps : true loc(#loc1)
    config.Option @config.WeightsTableReuseMode : 2 : ui64 loc(#loc1)
    config.Option @config.EnableProfiling : false loc(#loc1)
    config.Option @config.EnableWeightsDynamicDequantization : false loc(#loc1)
    config.Option @config.SprLUTEnabled : false loc(#loc1)
  } loc(#loc1)
  config.Resources 6 of @NCE at 1.850000e+03 MHz {
    config.MemoryResource 1326182 bytes of @CMX_NN_FragmentationAware loc(#loc1)
    config.MemoryResource 1473536 bytes of @CMX_NN {config.bandwidth = 64 : i64, config.derateFactor = 1.000000e+00 : f64} loc(#loc1)
    config.ExecutorResource 2 of @SHAVE_ACT loc(#loc1)
    config.ExecutorResource 1 of @DPU loc(#loc1)
  } loc(#loc26)
  config.Resources 1 of @global {
    config.MemoryResource 67108864000 bytes of @DDR {config.bandwidth = 64 : i64, config.derateFactor = 6.000000e-01 : f64} loc(#loc1)
    config.ExecutorResource 1 of @M2I loc(#loc1)
    config.ExecutorResource 2 of @DMA_NN loc(#loc1)
  } loc(#loc27)
  func.func @SharedScaleTwoConsumers(%arg0: tensor<2x1536x128x!qElemType> loc("C:\\Users\\mrbla\\oss\\repro266\\lit_candidate_shared_scale.mlir":11:36), %arg1: tensor<2x1536x128x!qElemType> loc("C:\\Users\\mrbla\\oss\\repro266\\lit_candidate_shared_scale.mlir":11:75), %arg2: tensor<2x1536x1xf16> loc("C:\\Users\\mrbla\\oss\\repro266\\lit_candidate_shared_scale.mlir":12:36), %arg3: tensor<1x256xf16> loc("C:\\Users\\mrbla\\oss\\repro266\\lit_candidate_shared_scale.mlir":12:66), %arg4: tensor<1x256xf16> loc("C:\\Users\\mrbla\\oss\\repro266\\lit_candidate_shared_scale.mlir":12:92)) -> (tensor<1x1536xf16>, tensor<1x1536xf16>) {
    %0 = IE.Slice %arg0 [0, 0, 0] [1, 1536, 128] : tensor<2x1536x128x!qElemType> to tensor<1x1536x128x!qElemType> loc(#loc28)
    %1 = IE.Slice %arg0 [1, 0, 0] [1, 1536, 128] : tensor<2x1536x128x!qElemType> to tensor<1x1536x128x!qElemType> loc(#loc29)
    %2 = IE.Slice %arg2 [0, 0, 0] [1, 1536, 1] : tensor<2x1536x1xf16> to tensor<1x1536x1xf16> loc(#loc30)
    %3 = IE.Slice %arg2 [1, 0, 0] [1, 1536, 1] : tensor<2x1536x1xf16> to tensor<1x1536x1xf16> loc(#loc31)
    %4 = IE.DynamicDequantize(%0, %2) {dstElemType = f16} : tensor<1x1536x128x!qElemType>, tensor<1x1536x1xf16> -> tensor<1x1536x128xf16> loc(#loc32)
    %5 = IE.DynamicDequantize(%1, %3) {dstElemType = f16} : tensor<1x1536x128x!qElemType>, tensor<1x1536x1xf16> -> tensor<1x1536x128xf16> loc(#loc33)
    %6 = IE.Concat(%4, %5) {per_axis = #IE.Concat<axis = 0 : i64>} : tensor<1x1536x128xf16>, tensor<1x1536x128xf16> -> tensor<2x1536x128xf16> loc(#loc34)
    %7 = IE.Transpose(%6) {order_value = #HCW} : tensor<2x1536x128xf16> -> tensor<1536x2x128xf16> loc(#loc18)
    %8 = IE.AffineReshape(%7) {dim_mapping = [[0], [1], [1]], shape_value = [1536, 256]} : tensor<1536x2x128xf16> -> tensor<1536x256xf16> loc(#loc19)
    %9 = IE.FullyConnected(%arg3, %8) : tensor<1x256xf16>, tensor<1536x256xf16> -> tensor<1x1536xf16> loc(#loc20)
    %10 = IE.Slice %arg1 [0, 0, 0] [1, 1536, 128] : tensor<2x1536x128x!qElemType> to tensor<1x1536x128x!qElemType> loc(#loc35)
    %11 = IE.Slice %arg1 [1, 0, 0] [1, 1536, 128] : tensor<2x1536x128x!qElemType> to tensor<1x1536x128x!qElemType> loc(#loc36)
    %12 = IE.Slice %arg2 [0, 0, 0] [1, 1536, 1] : tensor<2x1536x1xf16> to tensor<1x1536x1xf16> loc(#loc37)
    %13 = IE.Slice %arg2 [1, 0, 0] [1, 1536, 1] : tensor<2x1536x1xf16> to tensor<1x1536x1xf16> loc(#loc38)
    %14 = IE.DynamicDequantize(%10, %12) {dstElemType = f16} : tensor<1x1536x128x!qElemType>, tensor<1x1536x1xf16> -> tensor<1x1536x128xf16> loc(#loc39)
    %15 = IE.DynamicDequantize(%11, %13) {dstElemType = f16} : tensor<1x1536x128x!qElemType>, tensor<1x1536x1xf16> -> tensor<1x1536x128xf16> loc(#loc40)
    %16 = IE.Concat(%14, %15) {per_axis = #IE.Concat<axis = 0 : i64>} : tensor<1x1536x128xf16>, tensor<1x1536x128xf16> -> tensor<2x1536x128xf16> loc(#loc41)
    %17 = IE.Transpose(%16) {order_value = #HCW} : tensor<2x1536x128xf16> -> tensor<1536x2x128xf16> loc(#loc22)
    %18 = IE.AffineReshape(%17) {dim_mapping = [[0], [1], [1]], shape_value = [1536, 256]} : tensor<1536x2x128xf16> -> tensor<1536x256xf16> loc(#loc23)
    %19 = IE.FullyConnected(%arg4, %18) : tensor<1x256xf16>, tensor<1536x256xf16> -> tensor<1x1536xf16> loc(#loc24)
    return %9, %19 : tensor<1x1536xf16>, tensor<1x1536xf16> loc(#loc25)
  } loc(#loc4)
} loc(#loc)
#loc = loc("C:\\Users\\mrbla\\oss\\repro266\\lit_candidate_shared_scale.mlir":0:0)
#loc1 = loc(unknown)
#loc2 = loc("tile_resources")
#loc3 = loc("global_resources")
#loc4 = loc("C:\\Users\\mrbla\\oss\\repro266\\lit_candidate_shared_scale.mlir":11:1)
#loc10 = loc("dq_A")
#loc11 = loc("input_slice_0")
#loc12 = loc("input_slice_1")
#loc13 = loc("scale_slice_0")
#loc14 = loc("scale_slice_1")
#loc15 = loc("slice_0")
#loc16 = loc("slice_1")
#loc17 = loc("output_concat")
#loc18 = loc("tr_A")
#loc19 = loc("rs_A")
#loc20 = loc("fc_A")
#loc21 = loc("dq_B")
#loc22 = loc("tr_B")
#loc23 = loc("rs_B")
#loc24 = loc("fc_B")
#loc25 = loc("C:\\Users\\mrbla\\oss\\repro266\\lit_candidate_shared_scale.mlir":24:5)
#loc26 = loc(fused[#loc, #loc2])
#loc27 = loc(fused[#loc, #loc3])
#loc28 = loc(fused[#loc10, #loc11])
#loc29 = loc(fused[#loc10, #loc12])
#loc30 = loc(fused[#loc10, #loc13])
#loc31 = loc(fused[#loc10, #loc14])
#loc32 = loc(fused[#loc10, #loc15])
#loc33 = loc(fused[#loc10, #loc16])
#loc34 = loc(fused[#loc10, #loc17])
#loc35 = loc(fused[#loc21, #loc11])
#loc36 = loc(fused[#loc21, #loc12])
#loc37 = loc(fused[#loc21, #loc13])
#loc38 = loc(fused[#loc21, #loc14])
#loc39 = loc(fused[#loc21, #loc15])
#loc40 = loc(fused[#loc21, #loc16])
#loc41 = loc(fused[#loc21, #loc17])

